// Jest Snapshot v1, https://goo.gl/fbAQLP

exports[`Pruebas en el componente TodoListItem Debe de mostrarse correctamente 1`] = `
<Fragment>
  <li
    className="list-group-item"
    key="1"
  >
    <p
      className="false"
      onClick={[Function]}
    >
      1
      . 
      Aprender react
    </p>
    <button
      className="btn btn-danger"
      onClick={[Function]}
    >
      borrar
    </button>
  </li>
</Fragment>
`;
