// Jest Snapshot v1, https://goo.gl/fbAQLP

exports[`Pruebas en el componente RealExampleRef Debe mostrarse correctamente 1`] = `
<div>
  <h1>
     Real Example Ref
  </h1>
  <hr />
  <button
    className="btn btn-outline-primary mt-3"
    onClick={[Function]}
  >
    Show hide
  </button>
</div>
`;
